09-10 13:57:18.956 32250 32250 I xTool   : lib_main: Exit
09-10 13:57:18.956 32250 32271 I xTool   : hack_thread started
09-10 13:57:18.961 32250 32250 I xTool   : JNI_OnLoad: Successfully installed RegisterNatives hook
09-10 13:57:19.019 32250 32250 I xTool   : hook_RegisterNatives: hooking nativeInjectEvent
09-10 13:57:19.916 32250 32308 I xTool   : JNIStuff: getEnv called
09-10 13:57:19.916 32250 32308 W xTool   : JNIStuff: GetEnv failed, trying AttachCurrentThread
09-10 13:57:19.917 32250 32308 I xTool   : JNIStuff: getEnv success
09-10 13:57:19.917 32250 32308 I xTool   : GetUnitySurface: called
09-10 13:57:19.917 32250 32308 I xTool   : GetUnitySurface: Getting Unity Activity
09-10 13:57:19.917 32250 32308 I xTool   : GetUnitySurface: Getting Unity Player Field
09-10 13:57:19.918 32250 32308 I xTool   : GetUnitySurface: Getting Unity Player Object
09-10 13:57:19.918 32250 32308 I xTool   : GetUnitySurface: Getting View Method
09-10 13:57:19.918 32250 32308 I xTool   : GetUnitySurface: Calling getView Method
09-10 13:57:19.919 32250 32308 I xTool   : GetUnitySurface: Getting Surface from Holder
09-10 13:57:19.919 32250 32308 I xTool   : GetUnitySurface: Calling getSurface Method
09-10 13:57:19.919 32250 32308 I xTool   : GetUnitySurface: Successfully obtained Surface
09-10 13:57:19.919 32250 32308 I xTool   : SetupImGui: Successfully got Surface from Unity
09-10 13:57:19.919 32250 32308 I xTool   : SetupImGui: Obtained ANativeWindow from Surface
09-10 13:57:19.920 32250 32308 I xTool   : SetupImGui: ImGui initialized successfully
09-10 13:57:19.959 32250 32271 I xTool   : Library loaded: libil2cpp.so
09-10 13:57:19.960 32250 32271 I xTool   : Library address: 0x77aaca1000
09-10 13:57:19.960 32250 32271 I xTool   : hack_thread finished setup
09-10 13:57:23.829 32250 32250 D xTool   : Processing Touch Event: action=0 x=184 y=211 pointers=1
09-10 13:57:23.829 32250 32250 I xTool   : Touch Event Processed (action=0)
09-10 13:57:23.863 32250 32250 D xTool   : Processing Touch Event: action=2 x=184 y=211 pointers=1
09-10 13:57:23.863 32250 32250 I xTool   : Touch Event Processed (action=2)
09-10 13:57:23.880 32250 32250 D xTool   : Processing Touch Event: action=2 x=184 y=211 pointers=1
09-10 13:57:23.880 32250 32250 I xTool   : Touch Event Processed (action=2)
09-10 13:57:23.897 32250 32250 D xTool   : Processing Touch Event: action=2 x=184 y=211 pointers=1
09-10 13:57:23.897 32250 32250 I xTool   : Touch Event Processed (action=2)
09-10 13:57:23.913 32250 32250 D xTool   : Processing Touch Event: action=2 x=184 y=211 pointers=1
09-10 13:57:23.913 32250 32250 I xTool   : Touch Event Processed (action=2)
09-10 13:57:23.916 32250 32308 I xTool   : DrawImGuiMenu: Displaying keyboard
09-10 13:57:23.916 32250 32308 I xTool   : JNIStuff: getEnv called
09-10 13:57:23.916 32250 32308 I xTool   : JNIStuff: getEnv success
09-10 13:57:23.916 32250 32250 D xTool   : Processing Touch Event: action=1 x=184 y=211 pointers=1
09-10 13:57:23.916 32250 32250 I xTool   : Touch Event Processed (action=1)
09-10 13:57:25.009 32250 32250 D xTool   : Processing Key Event
09-10 13:57:25.009 32250 32250 D xTool   : KeyEvent: action=0 keycode=29 unicode=97
09-10 13:57:25.009 32250 32250 I xTool   : hook_nativeInjectEvent queued unicode char: a
09-10 13:57:25.009 32250 32250 D xTool   : Processing Key Event
09-10 13:57:25.009 32250 32250 D xTool   : KeyEvent: action=1 keycode=29 unicode=97
09-10 13:57:25.009 32250 32250 I xTool   : hook_nativeInjectEvent queued unicode char: a
09-10 13:57:25.016 32250 32308 I xTool   : Drained 2 IME input(s) into ImGui
09-10 13:57:25.918 32250 32250 D xTool   : Processing Key Event
09-10 13:57:25.918 32250 32250 D xTool   : KeyEvent: action=0 keycode=30 unicode=98
09-10 13:57:25.918 32250 32250 I xTool   : hook_nativeInjectEvent queued unicode char: b
09-10 13:57:25.918 32250 32250 D xTool   : Processing Key Event
09-10 13:57:25.918 32250 32250 D xTool   : KeyEvent: action=1 keycode=30 unicode=98
09-10 13:57:25.918 32250 32250 I xTool   : hook_nativeInjectEvent queued unicode char: b
09-10 13:57:25.949 32250 32308 I xTool   : Drained 2 IME input(s) into ImGui
09-10 13:57:27.918 32250 32250 D xTool   : Processing Key Event
09-10 13:57:27.918 32250 32250 D xTool   : KeyEvent: action=0 keycode=31 unicode=99
09-10 13:57:27.919 32250 32250 I xTool   : hook_nativeInjectEvent queued unicode char: c
09-10 13:57:27.919 32250 32250 D xTool   : Processing Key Event
09-10 13:57:27.919 32250 32250 D xTool   : KeyEvent: action=1 keycode=31 unicode=99
09-10 13:57:27.919 32250 32250 I xTool   : hook_nativeInjectEvent queued unicode char: c
09-10 13:57:27.949 32250 32308 I xTool   : Drained 2 IME input(s) into ImGui
09-10 13:57:28.268 32250 32250 D xTool   : Processing Key Event
09-10 13:57:28.268 32250 32250 D xTool   : KeyEvent: action=0 keycode=32 unicode=100
09-10 13:57:28.268 32250 32250 I xTool   : hook_nativeInjectEvent queued unicode char: d
09-10 13:57:28.268 32250 32250 D xTool   : Processing Key Event
09-10 13:57:28.268 32250 32250 D xTool   : KeyEvent: action=1 keycode=32 unicode=100
09-10 13:57:28.268 32250 32250 I xTool   : hook_nativeInjectEvent queued unicode char: d
09-10 13:57:28.283 32250 32308 I xTool   : Drained 2 IME input(s) into ImGui
09-10 13:57:28.618 32250 32250 D xTool   : Processing Key Event
09-10 13:57:28.618 32250 32250 D xTool   : KeyEvent: action=0 keycode=66 unicode=10
09-10 13:57:28.618 32250 32250 I xTool   : hook_nativeInjectEvent queued unicode char:
09-10 13:57:28.618 32250 32250 D xTool   : Processing Key Event
09-10 13:57:28.618 32250 32250 D xTool   : KeyEvent: action=1 keycode=66 unicode=10
09-10 13:57:28.618 32250 32250 I xTool   : hook_nativeInjectEvent queued unicode char:
09-10 13:57:28.649 32250 32308 I xTool   : Drained 2 IME input(s) into ImGui
09-10 13:57:28.851 32250 32250 D xTool   : Processing Key Event
09-10 13:57:28.851 32250 32250 D xTool   : KeyEvent: action=0 keycode=33 unicode=101
09-10 13:57:28.851 32250 32250 I xTool   : hook_nativeInjectEvent queued unicode char: e
09-10 13:57:28.851 32250 32250 D xTool   : Processing Key Event
09-10 13:57:28.851 32250 32250 D xTool   : KeyEvent: action=1 keycode=33 unicode=101
09-10 13:57:28.851 32250 32250 I xTool   : hook_nativeInjectEvent queued unicode char: e
09-10 13:57:28.883 32250 32308 I xTool   : Drained 2 IME input(s) into ImGui
09-10 13:57:29.701 32250 32250 D xTool   : Processing Key Event
09-10 13:57:29.701 32250 32250 D xTool   : KeyEvent: action=0 keycode=34 unicode=102
09-10 13:57:29.701 32250 32250 I xTool   : hook_nativeInjectEvent queued unicode char: f
09-10 13:57:29.701 32250 32250 D xTool   : Processing Key Event
09-10 13:57:29.701 32250 32250 D xTool   : KeyEvent: action=1 keycode=34 unicode=102
09-10 13:57:29.701 32250 32250 I xTool   : hook_nativeInjectEvent queued unicode char: f
09-10 13:57:29.716 32250 32308 I xTool   : Drained 2 IME input(s) into ImGui
09-10 13:57:30.168 32250 32250 D xTool   : Processing Key Event
09-10 13:57:30.168 32250 32250 D xTool   : KeyEvent: action=0 keycode=35 unicode=103
09-10 13:57:30.168 32250 32250 I xTool   : hook_nativeInjectEvent queued unicode char: g
09-10 13:57:30.168 32250 32250 D xTool   : Processing Key Event
09-10 13:57:30.168 32250 32250 D xTool   : KeyEvent: action=1 keycode=35 unicode=103
09-10 13:57:30.168 32250 32250 I xTool   : hook_nativeInjectEvent queued unicode char: g
09-10 13:57:30.183 32250 32308 I xTool   : Drained 2 IME input(s) into ImGui
09-10 13:57:30.485 32250 32250 D xTool   : Processing Key Event
09-10 13:57:30.486 32250 32250 D xTool   : KeyEvent: action=0 keycode=36 unicode=104
09-10 13:57:30.486 32250 32250 I xTool   : hook_nativeInjectEvent queued unicode char: h
09-10 13:57:30.486 32250 32250 D xTool   : Processing Key Event
09-10 13:57:30.486 32250 32250 D xTool   : KeyEvent: action=1 keycode=36 unicode=104
09-10 13:57:30.486 32250 32250 I xTool   : hook_nativeInjectEvent queued unicode char: h
09-10 13:57:30.516 32250 32308 I xTool   : Drained 2 IME input(s) into ImGui
09-10 13:57:33.501 32250 32250 D xTool   : Processing Key Event
09-10 13:57:33.502 32250 32250 D xTool   : KeyEvent: action=0 keycode=67 unicode=0
09-10 13:57:33.502 32250 32250 I xTool   : hook_nativeInjectEvent queued backspace token
09-10 13:57:33.502 32250 32250 D xTool   : Processing Key Event
09-10 13:57:33.502 32250 32250 D xTool   : KeyEvent: action=1 keycode=67 unicode=0
09-10 13:57:33.516 32250 32308 I xTool   : Drained 1 IME input(s) into ImGui
09-10 13:57:33.901 32250 32250 D xTool   : Processing Key Event
09-10 13:57:33.901 32250 32250 D xTool   : KeyEvent: action=0 keycode=67 unicode=0
09-10 13:57:33.901 32250 32250 I xTool   : hook_nativeInjectEvent queued backspace token
09-10 13:57:33.901 32250 32250 D xTool   : Processing Key Event
09-10 13:57:33.901 32250 32250 D xTool   : KeyEvent: action=1 keycode=67 unicode=0
09-10 13:57:33.916 32250 32308 I xTool   : Drained 1 IME input(s) into ImGui
09-10 13:57:34.569 32250 32250 D xTool   : Processing Key Event
09-10 13:57:34.569 32250 32250 D xTool   : KeyEvent: action=0 keycode=67 unicode=0
09-10 13:57:34.569 32250 32250 I xTool   : hook_nativeInjectEvent queued backspace token
09-10 13:57:34.569 32250 32250 D xTool   : Processing Key Event
09-10 13:57:34.569 32250 32250 D xTool   : KeyEvent: action=1 keycode=67 unicode=0
09-10 13:57:34.583 32250 32308 I xTool   : Drained 1 IME input(s) into ImGui
09-10 13:57:34.935 32250 32250 D xTool   : Processing Key Event
09-10 13:57:34.935 32250 32250 D xTool   : KeyEvent: action=0 keycode=67 unicode=0
09-10 13:57:34.935 32250 32250 I xTool   : hook_nativeInjectEvent queued backspace token
09-10 13:57:34.935 32250 32250 D xTool   : Processing Key Event
09-10 13:57:34.935 32250 32250 D xTool   : KeyEvent: action=1 keycode=67 unicode=0
09-10 13:57:34.949 32250 32308 I xTool   : Drained 1 IME input(s) into ImGui
09-10 13:57:35.301 32250 32250 D xTool   : Processing Key Event
09-10 13:57:35.301 32250 32250 D xTool   : KeyEvent: action=0 keycode=67 unicode=0
09-10 13:57:35.301 32250 32250 I xTool   : hook_nativeInjectEvent queued backspace token
09-10 13:57:35.301 32250 32250 D xTool   : Processing Key Event
09-10 13:57:35.301 32250 32250 D xTool   : KeyEvent: action=1 keycode=67 unicode=0
09-10 13:57:35.316 32250 32308 I xTool   : Drained 1 IME input(s) into ImGui
09-10 13:57:35.652 32250 32250 D xTool   : Processing Key Event
09-10 13:57:35.652 32250 32250 D xTool   : KeyEvent: action=0 keycode=67 unicode=0
09-10 13:57:35.652 32250 32250 I xTool   : hook_nativeInjectEvent queued backspace token
09-10 13:57:35.652 32250 32250 D xTool   : Processing Key Event
09-10 13:57:35.652 32250 32250 D xTool   : KeyEvent: action=1 keycode=67 unicode=0
09-10 13:57:35.683 32250 32308 I xTool   : Drained 1 IME input(s) into ImGui
09-10 13:57:35.968 32250 32250 D xTool   : Processing Key Event
09-10 13:57:35.968 32250 32250 D xTool   : KeyEvent: action=0 keycode=67 unicode=0
09-10 13:57:35.968 32250 32250 I xTool   : hook_nativeInjectEvent queued backspace token
09-10 13:57:35.968 32250 32250 D xTool   : Processing Key Event
09-10 13:57:35.968 32250 32250 D xTool   : KeyEvent: action=1 keycode=67 unicode=0
09-10 13:57:35.983 32250 32308 I xTool   : Drained 1 IME input(s) into ImGui
09-10 13:57:36.335 32250 32250 D xTool   : Processing Key Event
09-10 13:57:36.335 32250 32250 D xTool   : KeyEvent: action=0 keycode=67 unicode=0
09-10 13:57:36.335 32250 32250 I xTool   : hook_nativeInjectEvent queued backspace token
09-10 13:57:36.335 32250 32250 D xTool   : Processing Key Event
09-10 13:57:36.335 32250 32250 D xTool   : KeyEvent: action=1 keycode=67 unicode=0
09-10 13:57:36.349 32250 32308 I xTool   : Drained 1 IME input(s) into ImGui
09-10 13:57:36.719 32250 32250 D xTool   : Processing Key Event
09-10 13:57:36.719 32250 32250 D xTool   : KeyEvent: action=0 keycode=67 unicode=0
09-10 13:57:36.719 32250 32250 I xTool   : hook_nativeInjectEvent queued backspace token
09-10 13:57:36.719 32250 32250 D xTool   : Processing Key Event
09-10 13:57:36.719 32250 32250 D xTool   : KeyEvent: action=1 keycode=67 unicode=0
09-10 13:57:36.749 32250 32308 I xTool   : Drained 1 IME input(s) into ImGui
09-10 13:57:37.085 32250 32250 D xTool   : Processing Key Event
09-10 13:57:37.085 32250 32250 D xTool   : KeyEvent: action=0 keycode=67 unicode=0
09-10 13:57:37.085 32250 32250 I xTool   : hook_nativeInjectEvent queued backspace token
09-10 13:57:37.085 32250 32250 D xTool   : Processing Key Event
09-10 13:57:37.085 32250 32250 D xTool   : KeyEvent: action=1 keycode=67 unicode=0
09-10 13:57:37.116 32250 32308 I xTool   : Drained 1 IME input(s) into ImGui
09-10 13:57:37.435 32250 32250 D xTool   : Processing Key Event
09-10 13:57:37.435 32250 32250 D xTool   : KeyEvent: action=0 keycode=67 unicode=0
09-10 13:57:37.435 32250 32250 I xTool   : hook_nativeInjectEvent queued backspace token
09-10 13:57:37.435 32250 32250 D xTool   : Processing Key Event
09-10 13:57:37.435 32250 32250 D xTool   : KeyEvent: action=1 keycode=67 unicode=0
09-10 13:57:37.449 32250 32308 I xTool   : Drained 1 IME input(s) into ImGui
09-10 13:57:37.785 32250 32250 D xTool   : Processing Key Event
09-10 13:57:37.785 32250 32250 D xTool   : KeyEvent: action=0 keycode=67 unicode=0
09-10 13:57:37.785 32250 32250 I xTool   : hook_nativeInjectEvent queued backspace token
09-10 13:57:37.785 32250 32250 D xTool   : Processing Key Event
09-10 13:57:37.785 32250 32250 D xTool   : KeyEvent: action=1 keycode=67 unicode=0
09-10 13:57:37.816 32250 32308 I xTool   : Drained 1 IME input(s) into ImGui
09-10 13:57:38.101 32250 32250 D xTool   : Processing Key Event
09-10 13:57:38.101 32250 32250 D xTool   : KeyEvent: action=0 keycode=67 unicode=0
09-10 13:57:38.101 32250 32250 I xTool   : hook_nativeInjectEvent queued backspace token
09-10 13:57:38.102 32250 32250 D xTool   : Processing Key Event
09-10 13:57:38.102 32250 32250 D xTool   : KeyEvent: action=1 keycode=67 unicode=0
09-10 13:57:38.116 32250 32308 I xTool   : Drained 1 IME input(s) into ImGui
09-10 13:57:38.434 32250 32250 D xTool   : Processing Key Event
09-10 13:57:38.435 32250 32250 D xTool   : KeyEvent: action=0 keycode=67 unicode=0
09-10 13:57:38.435 32250 32250 I xTool   : hook_nativeInjectEvent queued backspace token
09-10 13:57:38.435 32250 32250 D xTool   : Processing Key Event
09-10 13:57:38.435 32250 32250 D xTool   : KeyEvent: action=1 keycode=67 unicode=0
09-10 13:57:38.449 32250 32308 I xTool   : Drained 1 IME input(s) into ImGui
09-10 13:57:38.785 32250 32250 D xTool   : Processing Key Event
09-10 13:57:38.785 32250 32250 D xTool   : KeyEvent: action=0 keycode=67 unicode=0
09-10 13:57:38.785 32250 32250 I xTool   : hook_nativeInjectEvent queued backspace token
09-10 13:57:38.785 32250 32250 D xTool   : Processing Key Event
09-10 13:57:38.785 32250 32250 D xTool   : KeyEvent: action=1 keycode=67 unicode=0
09-10 13:57:38.816 32250 32308 I xTool   : Drained 1 IME input(s) into ImGui
09-10 13:57:39.135 32250 32250 D xTool   : Processing Key Event
09-10 13:57:39.135 32250 32250 D xTool   : KeyEvent: action=0 keycode=67 unicode=0
09-10 13:57:39.135 32250 32250 I xTool   : hook_nativeInjectEvent queued backspace token
09-10 13:57:39.135 32250 32250 D xTool   : Processing Key Event
09-10 13:57:39.135 32250 32250 D xTool   : KeyEvent: action=1 keycode=67 unicode=0
09-10 13:57:39.149 32250 32308 I xTool   : Drained 1 IME input(s) into ImGui
09-10 13:57:39.734 32250 32250 D xTool   : Processing Key Event
09-10 13:57:39.734 32250 32250 D xTool   : KeyEvent: action=0 keycode=66 unicode=10
09-10 13:57:39.734 32250 32250 I xTool   : hook_nativeInjectEvent queued unicode char:
09-10 13:57:39.734 32250 32250 D xTool   : Processing Key Event
09-10 13:57:39.735 32250 32250 D xTool   : KeyEvent: action=1 keycode=66 unicode=10
09-10 13:57:39.735 32250 32250 I xTool   : hook_nativeInjectEvent queued unicode char:
09-10 13:57:39.749 32250 32308 I xTool   : Drained 2 IME input(s) into ImGui
09-10 13:57:39.934 32250 32250 D xTool   : Processing Key Event
09-10 13:57:39.934 32250 32250 D xTool   : KeyEvent: action=0 keycode=66 unicode=10
09-10 13:57:39.935 32250 32250 I xTool   : hook_nativeInjectEvent queued unicode char:
09-10 13:57:39.935 32250 32250 D xTool   : Processing Key Event
09-10 13:57:39.935 32250 32250 D xTool   : KeyEvent: action=1 keycode=66 unicode=10
09-10 13:57:39.935 32250 32250 I xTool   : hook_nativeInjectEvent queued unicode char:
09-10 13:57:39.949 32250 32308 I xTool   : Drained 2 IME input(s) into ImGui